<?xml version="1.0" encoding="ISO-8859-1" ?>
<link_info>
   <banner>TMS320C2000 Linker PC v18.12.5.LTS</banner>
   <copyright>Copyright (c) 1996-2018 Texas Instruments Incorporated</copyright>
   <link_time>0x5f0873d3</link_time>
   <link_errors>0x0</link_errors>
   <output_file>PMSM_FOC_F28379D_LEGACY_DELAY.out</output_file>
   <entry_point>
      <name>_c_int00</name>
      <address>0x1710f</address>
   </entry_point>
   <input_file_list>
      <input_file id="fl-2">
         <path>.\common\</path>
         <kind>object</kind>
         <file>F2837xD_Adc.obj</file>
         <name>F2837xD_Adc.obj</name>
      </input_file>
      <input_file id="fl-3">
         <path>.\common\</path>
         <kind>object</kind>
         <file>F2837xD_CodeStartBranch.obj</file>
         <name>F2837xD_CodeStartBranch.obj</name>
      </input_file>
      <input_file id="fl-4">
         <path>.\common\</path>
         <kind>object</kind>
         <file>F2837xD_CpuTimers.obj</file>
         <name>F2837xD_CpuTimers.obj</name>
      </input_file>
      <input_file id="fl-5">
         <path>.\common\</path>
         <kind>object</kind>
         <file>F2837xD_DefaultISR.obj</file>
         <name>F2837xD_DefaultISR.obj</name>
      </input_file>
      <input_file id="fl-6">
         <path>.\common\</path>
         <kind>object</kind>
         <file>F2837xD_EPwm.obj</file>
         <name>F2837xD_EPwm.obj</name>
      </input_file>
      <input_file id="fl-7">
         <path>.\common\</path>
         <kind>object</kind>
         <file>F2837xD_GlobalVariableDefs.obj</file>
         <name>F2837xD_GlobalVariableDefs.obj</name>
      </input_file>
      <input_file id="fl-8">
         <path>.\common\</path>
         <kind>object</kind>
         <file>F2837xD_Gpio.obj</file>
         <name>F2837xD_Gpio.obj</name>
      </input_file>
      <input_file id="fl-9">
         <path>.\common\</path>
         <kind>object</kind>
         <file>F2837xD_PieCtrl.obj</file>
         <name>F2837xD_PieCtrl.obj</name>
      </input_file>
      <input_file id="fl-a">
         <path>.\common\</path>
         <kind>object</kind>
         <file>F2837xD_PieVect.obj</file>
         <name>F2837xD_PieVect.obj</name>
      </input_file>
      <input_file id="fl-b">
         <path>.\common\</path>
         <kind>object</kind>
         <file>F2837xD_SysCtrl.obj</file>
         <name>F2837xD_SysCtrl.obj</name>
      </input_file>
      <input_file id="fl-c">
         <path>.\common\</path>
         <kind>object</kind>
         <file>F2837xD_usDelay.obj</file>
         <name>F2837xD_usDelay.obj</name>
      </input_file>
      <input_file id="fl-d">
         <path>.\source_user\</path>
         <kind>object</kind>
         <file>ADC_Init.obj</file>
         <name>ADC_Init.obj</name>
      </input_file>
      <input_file id="fl-e">
         <path>.\source_user\</path>
         <kind>object</kind>
         <file>Coordinate_Trans.obj</file>
         <name>Coordinate_Trans.obj</name>
      </input_file>
      <input_file id="fl-f">
         <path>.\source_user\</path>
         <kind>object</kind>
         <file>DAC_Init.obj</file>
         <name>DAC_Init.obj</name>
      </input_file>
      <input_file id="fl-10">
         <path>.\source_user\</path>
         <kind>object</kind>
         <file>Device_Init.obj</file>
         <name>Device_Init.obj</name>
      </input_file>
      <input_file id="fl-11">
         <path>.\source_user\</path>
         <kind>object</kind>
         <file>Discrete_Domain_Controller.obj</file>
         <name>Discrete_Domain_Controller.obj</name>
      </input_file>
      <input_file id="fl-12">
         <path>.\source_user\</path>
         <kind>object</kind>
         <file>EPWM_Init.obj</file>
         <name>EPWM_Init.obj</name>
      </input_file>
      <input_file id="fl-13">
         <path>.\source_user\</path>
         <kind>object</kind>
         <file>EQEP_Init.obj</file>
         <name>EQEP_Init.obj</name>
      </input_file>
      <input_file id="fl-14">
         <path>.\source_user\</path>
         <kind>object</kind>
         <file>Global_Functions_Variables_Call.obj</file>
         <name>Global_Functions_Variables_Call.obj</name>
      </input_file>
      <input_file id="fl-15">
         <path>.\source_user\</path>
         <kind>object</kind>
         <file>PID_Controller.obj</file>
         <name>PID_Controller.obj</name>
      </input_file>
      <input_file id="fl-16">
         <path>.\source_user\</path>
         <kind>object</kind>
         <file>PMSM_FOC_Main.obj</file>
         <name>PMSM_FOC_Main.obj</name>
      </input_file>
      <input_file id="fl-17">
         <path>.\source_user\</path>
         <kind>object</kind>
         <file>Ramp_Function.obj</file>
         <name>Ramp_Function.obj</name>
      </input_file>
      <input_file id="fl-18">
         <path>.\source_user\</path>
         <kind>object</kind>
         <file>SVPWM_Gen.obj</file>
         <name>SVPWM_Gen.obj</name>
      </input_file>
      <input_file id="fl-22">
         <kind>object</kind>
         <file>&lt;internal&gt;</file>
         <name>&lt;internal&gt;</name>
      </input_file>
      <input_file id="fl-26">
         <path>E:\2020\4 TMS320F28379D &amp; TI\examples\libraries\math\FPUfastRTS\c28\lib\</path>
         <kind>archive</kind>
         <file>rts2800_fpu32_fast_supplement_coff.lib</file>
         <name>exp_f32.obj</name>
      </input_file>
      <input_file id="fl-27">
         <path>E:\2020\4 TMS320F28379D &amp; TI\examples\libraries\math\FPUfastRTS\c28\lib\</path>
         <kind>archive</kind>
         <file>rts2800_fpu32_fast_supplement_coff.lib</file>
         <name>exptable_f32.obj</name>
      </input_file>
      <input_file id="fl-36">
         <path>D:\ti\ccs930\ccs\tools\compiler\ti-cgt-c2000_18.12.5.LTS\lib\</path>
         <kind>archive</kind>
         <file>rts2800_fpu32.lib</file>
         <name>boot28.asm.obj</name>
      </input_file>
      <input_file id="fl-37">
         <path>D:\ti\ccs930\ccs\tools\compiler\ti-cgt-c2000_18.12.5.LTS\lib\</path>
         <kind>archive</kind>
         <file>rts2800_fpu32.lib</file>
         <name>cpy_tbl.c.obj</name>
      </input_file>
      <input_file id="fl-38">
         <path>D:\ti\ccs930\ccs\tools\compiler\ti-cgt-c2000_18.12.5.LTS\lib\</path>
         <kind>archive</kind>
         <file>rts2800_fpu32.lib</file>
         <name>memcpy.c.obj</name>
      </input_file>
      <input_file id="fl-39">
         <path>D:\ti\ccs930\ccs\tools\compiler\ti-cgt-c2000_18.12.5.LTS\lib\</path>
         <kind>archive</kind>
         <file>rts2800_fpu32.lib</file>
         <name>pre_init.c.obj</name>
      </input_file>
      <input_file id="fl-3a">
         <path>D:\ti\ccs930\ccs\tools\compiler\ti-cgt-c2000_18.12.5.LTS\lib\</path>
         <kind>archive</kind>
         <file>rts2800_fpu32.lib</file>
         <name>startup.c.obj</name>
      </input_file>
      <input_file id="fl-3b">
         <path>D:\ti\ccs930\ccs\tools\compiler\ti-cgt-c2000_18.12.5.LTS\lib\</path>
         <kind>archive</kind>
         <file>rts2800_fpu32.lib</file>
         <name>exit.c.obj</name>
      </input_file>
      <input_file id="fl-3c">
         <path>D:\ti\ccs930\ccs\tools\compiler\ti-cgt-c2000_18.12.5.LTS\lib\</path>
         <kind>archive</kind>
         <file>rts2800_fpu32.lib</file>
         <name>_lock.c.obj</name>
      </input_file>
      <input_file id="fl-3d">
         <path>D:\ti\ccs930\ccs\tools\compiler\ti-cgt-c2000_18.12.5.LTS\lib\</path>
         <kind>archive</kind>
         <file>rts2800_fpu32.lib</file>
         <name>args_main.c.obj</name>
      </input_file>
   </input_file_list>
   <object_component_list>
      <object_component id="oc-8d">
         <name>codestart</name>
         <load_address>0x0</load_address>
         <run_address>0x0</run_address>
         <size>0x2</size>
         <input_file_ref idref="fl-3"/>
      </object_component>
      <object_component id="oc-196">
         <name>.text</name>
         <load_address>0x14000</load_address>
         <run_address>0x14000</run_address>
         <size>0x78f</size>
         <input_file_ref idref="fl-14"/>
      </object_component>
      <object_component id="oc-150">
         <name>.text:retain</name>
         <load_address>0x1478f</load_address>
         <run_address>0x1478f</run_address>
         <size>0x75c</size>
         <input_file_ref idref="fl-16"/>
      </object_component>
      <object_component id="oc-99">
         <name>.text:retain</name>
         <load_address>0x14eeb</load_address>
         <run_address>0x14eeb</run_address>
         <size>0x585</size>
         <input_file_ref idref="fl-5"/>
      </object_component>
      <object_component id="oc-1a8">
         <name>.text</name>
         <load_address>0x15470</load_address>
         <run_address>0x15470</run_address>
         <size>0x48e</size>
         <input_file_ref idref="fl-b"/>
      </object_component>
      <object_component id="oc-198">
         <name>.text</name>
         <load_address>0x158fe</load_address>
         <run_address>0x158fe</run_address>
         <size>0x3af</size>
         <input_file_ref idref="fl-d"/>
      </object_component>
      <object_component id="oc-19c">
         <name>.text</name>
         <load_address>0x15cad</load_address>
         <run_address>0x15cad</run_address>
         <size>0x369</size>
         <input_file_ref idref="fl-11"/>
      </object_component>
      <object_component id="oc-19b">
         <name>.text</name>
         <load_address>0x16016</load_address>
         <run_address>0x16016</run_address>
         <size>0x2f5</size>
         <input_file_ref idref="fl-15"/>
      </object_component>
      <object_component id="oc-1ab">
         <name>.text</name>
         <load_address>0x1630b</load_address>
         <run_address>0x1630b</run_address>
         <size>0x244</size>
         <input_file_ref idref="fl-8"/>
      </object_component>
      <object_component id="oc-19e">
         <name>.text</name>
         <load_address>0x1654f</load_address>
         <run_address>0x1654f</run_address>
         <size>0x243</size>
         <input_file_ref idref="fl-12"/>
      </object_component>
      <object_component id="oc-197">
         <name>.text</name>
         <load_address>0x16792</load_address>
         <run_address>0x16792</run_address>
         <size>0x1f2</size>
         <input_file_ref idref="fl-13"/>
      </object_component>
      <object_component id="oc-19d">
         <name>.text</name>
         <load_address>0x16984</load_address>
         <run_address>0x16984</run_address>
         <size>0x19a</size>
         <input_file_ref idref="fl-18"/>
      </object_component>
      <object_component id="oc-1a4">
         <name>.text</name>
         <load_address>0x16b1e</load_address>
         <run_address>0x16b1e</run_address>
         <size>0x177</size>
         <input_file_ref idref="fl-10"/>
      </object_component>
      <object_component id="oc-19f">
         <name>.text</name>
         <load_address>0x16c95</load_address>
         <run_address>0x16c95</run_address>
         <size>0x172</size>
         <input_file_ref idref="fl-f"/>
      </object_component>
      <object_component id="oc-1a3">
         <name>.text</name>
         <load_address>0x16e07</load_address>
         <run_address>0x16e07</run_address>
         <size>0xec</size>
         <input_file_ref idref="fl-2"/>
      </object_component>
      <object_component id="oc-19a">
         <name>.text</name>
         <load_address>0x16ef3</load_address>
         <run_address>0x16ef3</run_address>
         <size>0xd2</size>
         <input_file_ref idref="fl-16"/>
      </object_component>
      <object_component id="oc-199">
         <name>.text</name>
         <load_address>0x16fc5</load_address>
         <run_address>0x16fc5</run_address>
         <size>0x89</size>
         <input_file_ref idref="fl-e"/>
      </object_component>
      <object_component id="oc-195">
         <name>.text</name>
         <load_address>0x1704e</load_address>
         <run_address>0x1704e</run_address>
         <size>0x61</size>
         <input_file_ref idref="fl-17"/>
      </object_component>
      <object_component id="oc-15f">
         <name>.text</name>
         <load_address>0x170af</load_address>
         <run_address>0x170af</run_address>
         <size>0x60</size>
         <input_file_ref idref="fl-26"/>
      </object_component>
      <object_component id="oc-87">
         <name>.text</name>
         <load_address>0x1710f</load_address>
         <run_address>0x1710f</run_address>
         <size>0x56</size>
         <input_file_ref idref="fl-36"/>
      </object_component>
      <object_component id="oc-194">
         <name>.text</name>
         <load_address>0x17165</load_address>
         <run_address>0x17165</run_address>
         <size>0x29</size>
         <input_file_ref idref="fl-3b"/>
      </object_component>
      <object_component id="oc-1a5">
         <name>.text</name>
         <load_address>0x1718e</load_address>
         <run_address>0x1718e</run_address>
         <size>0x28</size>
         <input_file_ref idref="fl-9"/>
      </object_component>
      <object_component id="oc-1a9">
         <name>.text</name>
         <load_address>0x171b6</load_address>
         <run_address>0x171b6</run_address>
         <size>0x26</size>
         <input_file_ref idref="fl-a"/>
      </object_component>
      <object_component id="oc-191">
         <name>.text</name>
         <load_address>0x171dc</load_address>
         <run_address>0x171dc</run_address>
         <size>0x24</size>
         <input_file_ref idref="fl-37"/>
      </object_component>
      <object_component id="oc-1a0">
         <name>.text</name>
         <load_address>0x17200</load_address>
         <run_address>0x17200</run_address>
         <size>0x1d</size>
         <input_file_ref idref="fl-38"/>
      </object_component>
      <object_component id="oc-193">
         <name>.text</name>
         <load_address>0x1721d</load_address>
         <run_address>0x1721d</run_address>
         <size>0x19</size>
         <input_file_ref idref="fl-3d"/>
      </object_component>
      <object_component id="oc-1a6">
         <name>.text</name>
         <load_address>0x17236</load_address>
         <run_address>0x17236</run_address>
         <size>0x9</size>
         <input_file_ref idref="fl-3c"/>
      </object_component>
      <object_component id="oc-190">
         <name>.text</name>
         <load_address>0x1723f</load_address>
         <run_address>0x1723f</run_address>
         <size>0x2</size>
         <input_file_ref idref="fl-39"/>
      </object_component>
      <object_component id="oc-192">
         <name>.text</name>
         <load_address>0x17241</load_address>
         <run_address>0x17241</run_address>
         <size>0x1</size>
         <input_file_ref idref="fl-3a"/>
      </object_component>
      <object_component id="oc-143">
         <name>.cinit</name>
         <load_address>0x8000</load_address>
         <run_address>0x8000</run_address>
         <size>0x2f9</size>
         <input_file_ref idref="fl-14"/>
      </object_component>
      <object_component id="oc-180">
         <name>.cinit</name>
         <load_address>0x82f9</load_address>
         <run_address>0x82f9</run_address>
         <size>0xe</size>
         <input_file_ref idref="fl-3b"/>
      </object_component>
      <object_component id="oc-1a2">
         <name>.cinit:__lock</name>
         <load_address>0x8307</load_address>
         <run_address>0x8307</run_address>
         <size>0x5</size>
         <input_file_ref idref="fl-3c"/>
      </object_component>
      <object_component id="oc-1a7">
         <name>.cinit:__unlock</name>
         <load_address>0x830c</load_address>
         <run_address>0x830c</run_address>
         <size>0x5</size>
         <input_file_ref idref="fl-3c"/>
      </object_component>
      <object_component id="oc-166">
         <name>.reset</name>
         <load_address>0x3fffc0</load_address>
         <run_address>0x3fffc0</run_address>
         <size>0x2</size>
         <input_file_ref idref="fl-36"/>
      </object_component>
      <object_component id="oc-165">
         <name>.stack</name>
         <uninitialized>true</uninitialized>
         <run_address>0x400</run_address>
         <size>0x0</size>
         <input_file_ref idref="fl-36"/>
      </object_component>
      <object_component id="oc-239">
         <name>.stack</name>
         <uninitialized>true</uninitialized>
         <run_address>0x400</run_address>
         <size>0x0</size>
      </object_component>
      <object_component id="oc-93">
         <name>.ebss</name>
         <uninitialized>true</uninitialized>
         <run_address>0x13340</run_address>
         <size>0x18</size>
         <input_file_ref idref="fl-4"/>
      </object_component>
      <object_component id="oc-144">
         <name>.ebss</name>
         <uninitialized>true</uninitialized>
         <run_address>0x12000</run_address>
         <size>0x1336</size>
         <input_file_ref idref="fl-14"/>
      </object_component>
      <object_component id="oc-14f">
         <name>.ebss</name>
         <uninitialized>true</uninitialized>
         <run_address>0x1333c</run_address>
         <size>0x2</size>
         <input_file_ref idref="fl-16"/>
      </object_component>
      <object_component id="oc-181">
         <name>.ebss</name>
         <uninitialized>true</uninitialized>
         <run_address>0x13336</run_address>
         <size>0x6</size>
         <input_file_ref idref="fl-3b"/>
      </object_component>
      <object_component id="oc-1a1">
         <name>.ebss:__lock</name>
         <uninitialized>true</uninitialized>
         <run_address>0x1333e</run_address>
         <size>0x2</size>
         <input_file_ref idref="fl-3c"/>
      </object_component>
      <object_component id="oc-1aa">
         <name>.ebss:__unlock</name>
         <uninitialized>true</uninitialized>
         <run_address>0x13358</run_address>
         <size>0x2</size>
         <input_file_ref idref="fl-3c"/>
      </object_component>
      <object_component id="oc-1ac">
         <name>.econst:_PieVectTableInit</name>
         <load_address>0xa800</load_address>
         <run_address>0xa800</run_address>
         <size>0x1c0</size>
         <input_file_ref idref="fl-a"/>
      </object_component>
      <object_component id="oc-11a">
         <name>.TI.ramfunc</name>
         <load_address>0x122</load_address>
         <run_address>0x122</run_address>
         <size>0x4</size>
         <input_file_ref idref="fl-c"/>
      </object_component>
      <object_component id="oc-164">
         <name>FPUmathTables</name>
         <load_address>0x8314</load_address>
         <run_address>0x8314</run_address>
         <size>0xbe</size>
         <input_file_ref idref="fl-27"/>
      </object_component>
      <object_component id="oc-104">
         <name>PieVectTableFile</name>
         <uninitialized>true</uninitialized>
         <run_address>0xd00</run_address>
         <size>0x1c0</size>
         <input_file_ref idref="fl-7"/>
      </object_component>
      <object_component id="oc-a4">
         <name>EmuBModeVar</name>
         <uninitialized>true</uninitialized>
         <run_address>0xd00</run_address>
         <size>0x1</size>
         <input_file_ref idref="fl-7"/>
      </object_component>
      <object_component id="oc-a5">
         <name>EmuBootPinsVar</name>
         <uninitialized>true</uninitialized>
         <run_address>0xd01</run_address>
         <size>0x1</size>
         <input_file_ref idref="fl-7"/>
      </object_component>
      <object_component id="oc-bb">
         <name>AdcaResultFile</name>
         <uninitialized>true</uninitialized>
         <run_address>0xb00</run_address>
         <size>0x18</size>
         <input_file_ref idref="fl-7"/>
      </object_component>
      <object_component id="oc-bc">
         <name>AdcbResultFile</name>
         <uninitialized>true</uninitialized>
         <run_address>0xb20</run_address>
         <size>0x18</size>
         <input_file_ref idref="fl-7"/>
      </object_component>
      <object_component id="oc-bd">
         <name>AdccResultFile</name>
         <uninitialized>true</uninitialized>
         <run_address>0xb40</run_address>
         <size>0x18</size>
         <input_file_ref idref="fl-7"/>
      </object_component>
      <object_component id="oc-be">
         <name>AdcdResultFile</name>
         <uninitialized>true</uninitialized>
         <run_address>0xb60</run_address>
         <size>0x18</size>
         <input_file_ref idref="fl-7"/>
      </object_component>
      <object_component id="oc-ea">
         <name>AdcaRegsFile</name>
         <uninitialized>true</uninitialized>
         <run_address>0x7400</run_address>
         <size>0x80</size>
         <input_file_ref idref="fl-7"/>
      </object_component>
      <object_component id="oc-eb">
         <name>AdcbRegsFile</name>
         <uninitialized>true</uninitialized>
         <run_address>0x7480</run_address>
         <size>0x80</size>
         <input_file_ref idref="fl-7"/>
      </object_component>
      <object_component id="oc-ec">
         <name>AdccRegsFile</name>
         <uninitialized>true</uninitialized>
         <run_address>0x7500</run_address>
         <size>0x80</size>
         <input_file_ref idref="fl-7"/>
      </object_component>
      <object_component id="oc-ed">
         <name>AdcdRegsFile</name>
         <uninitialized>true</uninitialized>
         <run_address>0x7580</run_address>
         <size>0x80</size>
         <input_file_ref idref="fl-7"/>
      </object_component>
      <object_component id="oc-e6">
         <name>AnalogSubsysRegsFile</name>
         <uninitialized>true</uninitialized>
         <run_address>0x5d180</run_address>
         <size>0x48</size>
         <input_file_ref idref="fl-7"/>
      </object_component>
      <object_component id="oc-100">
         <name>CanaRegsFile</name>
         <uninitialized>true</uninitialized>
         <run_address>0x48000</run_address>
         <size>0x164</size>
         <input_file_ref idref="fl-7"/>
      </object_component>
      <object_component id="oc-101">
         <name>CanbRegsFile</name>
         <uninitialized>true</uninitialized>
         <run_address>0x4a000</run_address>
         <size>0x164</size>
         <input_file_ref idref="fl-7"/>
      </object_component>
      <object_component id="oc-e1">
         <name>Cla1RegsFile</name>
         <uninitialized>true</uninitialized>
         <run_address>0x1400</run_address>
         <size>0x3e</size>
         <input_file_ref idref="fl-7"/>
      </object_component>
      <object_component id="oc-a9">
         <name>Cla1SoftIntRegsFile</name>
         <uninitialized>true</uninitialized>
         <run_address>0xce0</run_address>
         <size>0x4</size>
         <input_file_ref idref="fl-7"/>
      </object_component>
      <object_component id="oc-c1">
         <name>Cmpss1RegsFile</name>
         <uninitialized>true</uninitialized>
         <run_address>0x5c80</run_address>
         <size>0x20</size>
         <input_file_ref idref="fl-7"/>
      </object_component>
      <object_component id="oc-c2">
         <name>Cmpss2RegsFile</name>
         <uninitialized>true</uninitialized>
         <run_address>0x5ca0</run_address>
         <size>0x20</size>
         <input_file_ref idref="fl-7"/>
      </object_component>
      <object_component id="oc-c3">
         <name>Cmpss3RegsFile</name>
         <uninitialized>true</uninitialized>
         <run_address>0x5cc0</run_address>
         <size>0x20</size>
         <input_file_ref idref="fl-7"/>
      </object_component>
      <object_component id="oc-c4">
         <name>Cmpss4RegsFile</name>
         <uninitialized>true</uninitialized>
         <run_address>0x5ce0</run_address>
         <size>0x20</size>
         <input_file_ref idref="fl-7"/>
      </object_component>
      <object_component id="oc-c5">
         <name>Cmpss5RegsFile</name>
         <uninitialized>true</uninitialized>
         <run_address>0x5d00</run_address>
         <size>0x20</size>
         <input_file_ref idref="fl-7"/>
      </object_component>
      <object_component id="oc-c6">
         <name>Cmpss6RegsFile</name>
         <uninitialized>true</uninitialized>
         <run_address>0x5d20</run_address>
         <size>0x20</size>
         <input_file_ref idref="fl-7"/>
      </object_component>
      <object_component id="oc-c7">
         <name>Cmpss7RegsFile</name>
         <uninitialized>true</uninitialized>
         <run_address>0x5d40</run_address>
         <size>0x20</size>
         <input_file_ref idref="fl-7"/>
      </object_component>
      <object_component id="oc-c8">
         <name>Cmpss8RegsFile</name>
         <uninitialized>true</uninitialized>
         <run_address>0x5d60</run_address>
         <size>0x20</size>
         <input_file_ref idref="fl-7"/>
      </object_component>
      <object_component id="oc-af">
         <name>CpuTimer0RegsFile</name>
         <uninitialized>true</uninitialized>
         <run_address>0xc00</run_address>
         <size>0x8</size>
         <input_file_ref idref="fl-7"/>
      </object_component>
      <object_component id="oc-b0">
         <name>CpuTimer1RegsFile</name>
         <uninitialized>true</uninitialized>
         <run_address>0xc08</run_address>
         <size>0x8</size>
         <input_file_ref idref="fl-7"/>
      </object_component>
      <object_component id="oc-b1">
         <name>CpuTimer2RegsFile</name>
         <uninitialized>true</uninitialized>
         <run_address>0xc10</run_address>
         <size>0x8</size>
         <input_file_ref idref="fl-7"/>
      </object_component>
      <object_component id="oc-ac">
         <name>DacaRegsFile</name>
         <uninitialized>true</uninitialized>
         <run_address>0x5c00</run_address>
         <size>0x8</size>
         <input_file_ref idref="fl-7"/>
      </object_component>
      <object_component id="oc-ad">
         <name>DacbRegsFile</name>
         <uninitialized>true</uninitialized>
         <run_address>0x5c10</run_address>
         <size>0x8</size>
         <input_file_ref idref="fl-7"/>
      </object_component>
      <object_component id="oc-ae">
         <name>DaccRegsFile</name>
         <uninitialized>true</uninitialized>
         <run_address>0x5c20</run_address>
         <size>0x8</size>
         <input_file_ref idref="fl-7"/>
      </object_component>
      <object_component id="oc-d8">
         <name>DcsmZ1RegsFile</name>
         <uninitialized>true</uninitialized>
         <run_address>0x5f000</run_address>
         <size>0x24</size>
         <input_file_ref idref="fl-7"/>
      </object_component>
      <object_component id="oc-d9">
         <name>DcsmZ2RegsFile</name>
         <uninitialized>true</uninitialized>
         <run_address>0x5f040</run_address>
         <size>0x24</size>
         <input_file_ref idref="fl-7"/>
      </object_component>
      <object_component id="oc-b2">
         <name>DcsmCommonRegsFile</name>
         <uninitialized>true</uninitialized>
         <run_address>0x5f070</run_address>
         <size>0x8</size>
         <input_file_ref idref="fl-7"/>
      </object_component>
      <object_component id="oc-f2">
         <name>DmaRegsFile</name>
         <uninitialized>true</uninitialized>
         <run_address>0x1000</run_address>
         <size>0xe0</size>
         <input_file_ref idref="fl-7"/>
      </object_component>
      <object_component id="oc-bf">
         <name>DmaClaSrcSelRegsFile</name>
         <uninitialized>true</uninitialized>
         <run_address>0x7980</run_address>
         <size>0x1a</size>
         <input_file_ref idref="fl-7"/>
      </object_component>
      <object_component id="oc-c9">
         <name>ECap1RegsFile</name>
         <uninitialized>true</uninitialized>
         <run_address>0x5000</run_address>
         <size>0x20</size>
         <input_file_ref idref="fl-7"/>
      </object_component>
      <object_component id="oc-ca">
         <name>ECap2RegsFile</name>
         <uninitialized>true</uninitialized>
         <run_address>0x5020</run_address>
         <size>0x20</size>
         <input_file_ref idref="fl-7"/>
      </object_component>
      <object_component id="oc-cb">
         <name>ECap3RegsFile</name>
         <uninitialized>true</uninitialized>
         <run_address>0x5040</run_address>
         <size>0x20</size>
         <input_file_ref idref="fl-7"/>
      </object_component>
      <object_component id="oc-cc">
         <name>ECap4RegsFile</name>
         <uninitialized>true</uninitialized>
         <run_address>0x5060</run_address>
         <size>0x20</size>
         <input_file_ref idref="fl-7"/>
      </object_component>
      <object_component id="oc-cd">
         <name>ECap5RegsFile</name>
         <uninitialized>true</uninitialized>
         <run_address>0x5080</run_address>
         <size>0x20</size>
         <input_file_ref idref="fl-7"/>
      </object_component>
      <object_component id="oc-ce">
         <name>ECap6RegsFile</name>
         <uninitialized>true</uninitialized>
         <run_address>0x50a0</run_address>
         <size>0x20</size>
         <input_file_ref idref="fl-7"/>
      </object_component>
      <object_component id="oc-e8">
         <name>Emif1RegsFile</name>
         <uninitialized>true</uninitialized>
         <run_address>0x47000</run_address>
         <size>0x70</size>
         <input_file_ref idref="fl-7"/>
      </object_component>
      <object_component id="oc-e9">
         <name>Emif2RegsFile</name>
         <uninitialized>true</uninitialized>
         <run_address>0x47800</run_address>
         <size>0x70</size>
         <input_file_ref idref="fl-7"/>
      </object_component>
      <object_component id="oc-f3">
         <name>EPwm1RegsFile</name>
         <uninitialized>true</uninitialized>
         <run_address>0x4000</run_address>
         <size>0x100</size>
         <input_file_ref idref="fl-7"/>
      </object_component>
      <object_component id="oc-f4">
         <name>EPwm2RegsFile</name>
         <uninitialized>true</uninitialized>
         <run_address>0x4100</run_address>
         <size>0x100</size>
         <input_file_ref idref="fl-7"/>
      </object_component>
      <object_component id="oc-f5">
         <name>EPwm3RegsFile</name>
         <uninitialized>true</uninitialized>
         <run_address>0x4200</run_address>
         <size>0x100</size>
         <input_file_ref idref="fl-7"/>
      </object_component>
      <object_component id="oc-f6">
         <name>EPwm4RegsFile</name>
         <uninitialized>true</uninitialized>
         <run_address>0x4300</run_address>
         <size>0x100</size>
         <input_file_ref idref="fl-7"/>
      </object_component>
      <object_component id="oc-f7">
         <name>EPwm5RegsFile</name>
         <uninitialized>true</uninitialized>
         <run_address>0x4400</run_address>
         <size>0x100</size>
         <input_file_ref idref="fl-7"/>
      </object_component>
      <object_component id="oc-f8">
         <name>EPwm6RegsFile</name>
         <uninitialized>true</uninitialized>
         <run_address>0x4500</run_address>
         <size>0x100</size>
         <input_file_ref idref="fl-7"/>
      </object_component>
      <object_component id="oc-f9">
         <name>EPwm7RegsFile</name>
         <uninitialized>true</uninitialized>
         <run_address>0x4600</run_address>
         <size>0x100</size>
         <input_file_ref idref="fl-7"/>
      </object_component>
      <object_component id="oc-fa">
         <name>EPwm8RegsFile</name>
         <uninitialized>true</uninitialized>
         <run_address>0x4700</run_address>
         <size>0x100</size>
         <input_file_ref idref="fl-7"/>
      </object_component>
      <object_component id="oc-fb">
         <name>EPwm9RegsFile</name>
         <uninitialized>true</uninitialized>
         <run_address>0x4800</run_address>
         <size>0x100</size>
         <input_file_ref idref="fl-7"/>
      </object_component>
      <object_component id="oc-fc">
         <name>EPwm10RegsFile</name>
         <uninitialized>true</uninitialized>
         <run_address>0x4900</run_address>
         <size>0x100</size>
         <input_file_ref idref="fl-7"/>
      </object_component>
      <object_component id="oc-fd">
         <name>EPwm11RegsFile</name>
         <uninitialized>true</uninitialized>
         <run_address>0x4a00</run_address>
         <size>0x100</size>
         <input_file_ref idref="fl-7"/>
      </object_component>
      <object_component id="oc-fe">
         <name>EPwm12RegsFile</name>
         <uninitialized>true</uninitialized>
         <run_address>0x4b00</run_address>
         <size>0x100</size>
         <input_file_ref idref="fl-7"/>
      </object_component>
      <object_component id="oc-e2">
         <name>EPwmXbarRegsFile</name>
         <uninitialized>true</uninitialized>
         <run_address>0x7a00</run_address>
         <size>0x40</size>
         <input_file_ref idref="fl-7"/>
      </object_component>
      <object_component id="oc-d3">
         <name>EQep1RegsFile</name>
         <uninitialized>true</uninitialized>
         <run_address>0x5100</run_address>
         <size>0x22</size>
         <input_file_ref idref="fl-7"/>
      </object_component>
      <object_component id="oc-d4">
         <name>EQep2RegsFile</name>
         <uninitialized>true</uninitialized>
         <run_address>0x5140</run_address>
         <size>0x22</size>
         <input_file_ref idref="fl-7"/>
      </object_component>
      <object_component id="oc-d5">
         <name>EQep3RegsFile</name>
         <uninitialized>true</uninitialized>
         <run_address>0x5180</run_address>
         <size>0x22</size>
         <input_file_ref idref="fl-7"/>
      </object_component>
      <object_component id="oc-103">
         <name>Flash0CtrlRegsFile</name>
         <uninitialized>true</uninitialized>
         <run_address>0x5f800</run_address>
         <size>0x182</size>
         <input_file_ref idref="fl-7"/>
      </object_component>
      <object_component id="oc-dd">
         <name>Flash0EccRegsFile</name>
         <uninitialized>true</uninitialized>
         <run_address>0x5fb00</run_address>
         <size>0x28</size>
         <input_file_ref idref="fl-7"/>
      </object_component>
      <object_component id="oc-102">
         <name>GpioCtrlRegsFile</name>
         <uninitialized>true</uninitialized>
         <run_address>0x7c00</run_address>
         <size>0x180</size>
         <input_file_ref idref="fl-7"/>
      </object_component>
      <object_component id="oc-df">
         <name>GpioDataRegsFile</name>
         <uninitialized>true</uninitialized>
         <run_address>0x7f00</run_address>
         <size>0x30</size>
         <input_file_ref idref="fl-7"/>
      </object_component>
      <object_component id="oc-e3">
         <name>OutputXbarRegsFile</name>
         <uninitialized>true</uninitialized>
         <run_address>0x7a80</run_address>
         <size>0x40</size>
         <input_file_ref idref="fl-7"/>
      </object_component>
      <object_component id="oc-d6">
         <name>I2caRegsFile</name>
         <uninitialized>true</uninitialized>
         <run_address>0x7300</run_address>
         <size>0x22</size>
         <input_file_ref idref="fl-7"/>
      </object_component>
      <object_component id="oc-d7">
         <name>I2cbRegsFile</name>
         <uninitialized>true</uninitialized>
         <run_address>0x7340</run_address>
         <size>0x22</size>
         <input_file_ref idref="fl-7"/>
      </object_component>
      <object_component id="oc-cf">
         <name>InputXbarRegsFile</name>
         <uninitialized>true</uninitialized>
         <run_address>0x7900</run_address>
         <size>0x20</size>
         <input_file_ref idref="fl-7"/>
      </object_component>
      <object_component id="oc-d0">
         <name>XbarRegsFile</name>
         <uninitialized>true</uninitialized>
         <run_address>0x7920</run_address>
         <size>0x20</size>
         <input_file_ref idref="fl-7"/>
      </object_component>
      <object_component id="oc-da">
         <name>IpcRegsFile</name>
         <uninitialized>true</uninitialized>
         <run_address>0x50000</run_address>
         <size>0x24</size>
         <input_file_ref idref="fl-7"/>
      </object_component>
      <object_component id="oc-a6">
         <name>FlashPumpSemaphoreRegsFile</name>
         <uninitialized>true</uninitialized>
         <run_address>0x50024</run_address>
         <size>0x2</size>
         <input_file_ref idref="fl-7"/>
      </object_component>
      <object_component id="oc-a7">
         <name>RomPrefetchRegsFile</name>
         <uninitialized>true</uninitialized>
         <run_address>0x5e608</run_address>
         <size>0x2</size>
         <input_file_ref idref="fl-7"/>
      </object_component>
      <object_component id="oc-ee">
         <name>MemCfgRegsFile</name>
         <uninitialized>true</uninitialized>
         <run_address>0x5f400</run_address>
         <size>0x80</size>
         <input_file_ref idref="fl-7"/>
      </object_component>
      <object_component id="oc-d1">
         <name>Emif1ConfigRegsFile</name>
         <uninitialized>true</uninitialized>
         <run_address>0x5f480</run_address>
         <size>0x20</size>
         <input_file_ref idref="fl-7"/>
      </object_component>
      <object_component id="oc-d2">
         <name>Emif2ConfigRegsFile</name>
         <uninitialized>true</uninitialized>
         <run_address>0x5f4a0</run_address>
         <size>0x20</size>
         <input_file_ref idref="fl-7"/>
      </object_component>
      <object_component id="oc-e4">
         <name>AccessProtectionRegsFile</name>
         <uninitialized>true</uninitialized>
         <run_address>0x5f4c0</run_address>
         <size>0x40</size>
         <input_file_ref idref="fl-7"/>
      </object_component>
      <object_component id="oc-e5">
         <name>MemoryErrorRegsFile</name>
         <uninitialized>true</uninitialized>
         <run_address>0x5f500</run_address>
         <size>0x40</size>
         <input_file_ref idref="fl-7"/>
      </object_component>
      <object_component id="oc-a8">
         <name>RomWaitStateRegsFile</name>
         <uninitialized>true</uninitialized>
         <run_address>0x5f540</run_address>
         <size>0x2</size>
         <input_file_ref idref="fl-7"/>
      </object_component>
      <object_component id="oc-db">
         <name>McbspaRegsFile</name>
         <uninitialized>true</uninitialized>
         <run_address>0x6000</run_address>
         <size>0x24</size>
         <input_file_ref idref="fl-7"/>
      </object_component>
      <object_component id="oc-dc">
         <name>McbspbRegsFile</name>
         <uninitialized>true</uninitialized>
         <run_address>0x6040</run_address>
         <size>0x24</size>
         <input_file_ref idref="fl-7"/>
      </object_component>
      <object_component id="oc-e7">
         <name>UppRegsFile</name>
         <uninitialized>true</uninitialized>
         <run_address>0x6200</run_address>
         <size>0x48</size>
         <input_file_ref idref="fl-7"/>
      </object_component>
      <object_component id="oc-ab">
         <name>NmiIntruptRegsFile</name>
         <uninitialized>true</uninitialized>
         <run_address>0x7060</run_address>
         <size>0x7</size>
         <input_file_ref idref="fl-7"/>
      </object_component>
      <object_component id="oc-c0">
         <name>PieCtrlRegsFile</name>
         <uninitialized>true</uninitialized>
         <run_address>0xce0</run_address>
         <size>0x1a</size>
         <input_file_ref idref="fl-7"/>
      </object_component>
      <object_component id="oc-b4">
         <name>SciaRegsFile</name>
         <uninitialized>true</uninitialized>
         <run_address>0x7200</run_address>
         <size>0x10</size>
         <input_file_ref idref="fl-7"/>
      </object_component>
      <object_component id="oc-b5">
         <name>ScibRegsFile</name>
         <uninitialized>true</uninitialized>
         <run_address>0x7210</run_address>
         <size>0x10</size>
         <input_file_ref idref="fl-7"/>
      </object_component>
      <object_component id="oc-b6">
         <name>ScicRegsFile</name>
         <uninitialized>true</uninitialized>
         <run_address>0x7220</run_address>
         <size>0x10</size>
         <input_file_ref idref="fl-7"/>
      </object_component>
      <object_component id="oc-b7">
         <name>ScidRegsFile</name>
         <uninitialized>true</uninitialized>
         <run_address>0x7230</run_address>
         <size>0x10</size>
         <input_file_ref idref="fl-7"/>
      </object_component>
      <object_component id="oc-ef">
         <name>Sdfm1RegsFile</name>
         <uninitialized>true</uninitialized>
         <run_address>0x5e00</run_address>
         <size>0x80</size>
         <input_file_ref idref="fl-7"/>
      </object_component>
      <object_component id="oc-f0">
         <name>Sdfm2RegsFile</name>
         <uninitialized>true</uninitialized>
         <run_address>0x5e80</run_address>
         <size>0x80</size>
         <input_file_ref idref="fl-7"/>
      </object_component>
      <object_component id="oc-b8">
         <name>SpiaRegsFile</name>
         <uninitialized>true</uninitialized>
         <run_address>0x6100</run_address>
         <size>0x10</size>
         <input_file_ref idref="fl-7"/>
      </object_component>
      <object_component id="oc-b9">
         <name>SpibRegsFile</name>
         <uninitialized>true</uninitialized>
         <run_address>0x6110</run_address>
         <size>0x10</size>
         <input_file_ref idref="fl-7"/>
      </object_component>
      <object_component id="oc-ba">
         <name>SpicRegsFile</name>
         <uninitialized>true</uninitialized>
         <run_address>0x6120</run_address>
         <size>0x10</size>
         <input_file_ref idref="fl-7"/>
      </object_component>
      <object_component id="oc-ff">
         <name>DevCfgRegsFile</name>
         <uninitialized>true</uninitialized>
         <run_address>0x5d000</run_address>
         <size>0x12e</size>
         <input_file_ref idref="fl-7"/>
      </object_component>
      <object_component id="oc-e0">
         <name>ClkCfgRegsFile</name>
         <uninitialized>true</uninitialized>
         <run_address>0x5d200</run_address>
         <size>0x32</size>
         <input_file_ref idref="fl-7"/>
      </object_component>
      <object_component id="oc-f1">
         <name>CpuSysRegsFile</name>
         <uninitialized>true</uninitialized>
         <run_address>0x5d300</run_address>
         <size>0x82</size>
         <input_file_ref idref="fl-7"/>
      </object_component>
      <object_component id="oc-aa">
         <name>SyncSocRegsFile</name>
         <uninitialized>true</uninitialized>
         <run_address>0x7940</run_address>
         <size>0x6</size>
         <input_file_ref idref="fl-7"/>
      </object_component>
      <object_component id="oc-de">
         <name>WdRegsFile</name>
         <uninitialized>true</uninitialized>
         <run_address>0x7000</run_address>
         <size>0x2b</size>
         <input_file_ref idref="fl-7"/>
      </object_component>
      <object_component id="oc-b3">
         <name>XintRegsFile</name>
         <uninitialized>true</uninitialized>
         <run_address>0x7070</run_address>
         <size>0xb</size>
         <input_file_ref idref="fl-7"/>
      </object_component>
      <object_component id="oc-88">
         <name>.debug_info</name>
         <load_address>0x0</load_address>
         <run_address>0x0</run_address>
         <size>0x49f1</size>
         <input_file_ref idref="fl-2"/>
      </object_component>
      <object_component id="oc-8f">
         <name>.debug_info</name>
         <load_address>0x49f1</load_address>
         <run_address>0x49f1</run_address>
         <size>0x1c2</size>
         <input_file_ref idref="fl-3"/>
      </object_component>
      <object_component id="oc-92">
         <name>.debug_info</name>
         <load_address>0x4bb3</load_address>
         <run_address>0x4bb3</run_address>
         <size>0x88f</size>
         <input_file_ref idref="fl-4"/>
      </object_component>
      <object_component id="oc-98">
         <name>.debug_info</name>
         <load_address>0x5442</load_address>
         <run_address>0x5442</run_address>
         <size>0x8498</size>
         <input_file_ref idref="fl-5"/>
      </object_component>
      <object_component id="oc-9e">
         <name>.debug_info</name>
         <load_address>0xd8da</load_address>
         <run_address>0xd8da</run_address>
         <size>0xf43e</size>
         <input_file_ref idref="fl-6"/>
      </object_component>
      <object_component id="oc-a3">
         <name>.debug_info</name>
         <load_address>0x1cd18</load_address>
         <run_address>0x1cd18</run_address>
         <size>0x505b5</size>
         <input_file_ref idref="fl-7"/>
      </object_component>
      <object_component id="oc-106">
         <name>.debug_info</name>
         <load_address>0x6d2cd</load_address>
         <run_address>0x6d2cd</run_address>
         <size>0x1a7af</size>
         <input_file_ref idref="fl-8"/>
      </object_component>
      <object_component id="oc-10b">
         <name>.debug_info</name>
         <load_address>0x87a7c</load_address>
         <run_address>0x87a7c</run_address>
         <size>0x36d9</size>
         <input_file_ref idref="fl-9"/>
      </object_component>
      <object_component id="oc-110">
         <name>.debug_info</name>
         <load_address>0x8b155</load_address>
         <run_address>0x8b155</run_address>
         <size>0x680f</size>
         <input_file_ref idref="fl-a"/>
      </object_component>
      <object_component id="oc-115">
         <name>.debug_info</name>
         <load_address>0x91964</load_address>
         <run_address>0x91964</run_address>
         <size>0xd67f</size>
         <input_file_ref idref="fl-b"/>
      </object_component>
      <object_component id="oc-11c">
         <name>.debug_info</name>
         <load_address>0x9efe3</load_address>
         <run_address>0x9efe3</run_address>
         <size>0x1bd</size>
         <input_file_ref idref="fl-c"/>
      </object_component>
      <object_component id="oc-11f">
         <name>.debug_info</name>
         <load_address>0x9f1a0</load_address>
         <run_address>0x9f1a0</run_address>
         <size>0x107bf</size>
         <input_file_ref idref="fl-d"/>
      </object_component>
      <object_component id="oc-124">
         <name>.debug_info</name>
         <load_address>0xaf95f</load_address>
         <run_address>0xaf95f</run_address>
         <size>0x6e5</size>
         <input_file_ref idref="fl-e"/>
      </object_component>
      <object_component id="oc-129">
         <name>.debug_info</name>
         <load_address>0xb0044</load_address>
         <run_address>0xb0044</run_address>
         <size>0x1e1e</size>
         <input_file_ref idref="fl-f"/>
      </object_component>
      <object_component id="oc-12e">
         <name>.debug_info</name>
         <load_address>0xb1e62</load_address>
         <run_address>0xb1e62</run_address>
         <size>0x19947</size>
         <input_file_ref idref="fl-10"/>
      </object_component>
      <object_component id="oc-133">
         <name>.debug_info</name>
         <load_address>0xcb7a9</load_address>
         <run_address>0xcb7a9</run_address>
         <size>0x1546</size>
         <input_file_ref idref="fl-11"/>
      </object_component>
      <object_component id="oc-138">
         <name>.debug_info</name>
         <load_address>0xcccef</load_address>
         <run_address>0xcccef</run_address>
         <size>0xd4e2</size>
         <input_file_ref idref="fl-12"/>
      </object_component>
      <object_component id="oc-13d">
         <name>.debug_info</name>
         <load_address>0xda1d1</load_address>
         <run_address>0xda1d1</run_address>
         <size>0x6fda</size>
         <input_file_ref idref="fl-13"/>
      </object_component>
      <object_component id="oc-142">
         <name>.debug_info</name>
         <load_address>0xe11ab</load_address>
         <run_address>0xe11ab</run_address>
         <size>0x8c6e</size>
         <input_file_ref idref="fl-14"/>
      </object_component>
      <object_component id="oc-149">
         <name>.debug_info</name>
         <load_address>0xe9e19</load_address>
         <run_address>0xe9e19</run_address>
         <size>0x840</size>
         <input_file_ref idref="fl-15"/>
      </object_component>
      <object_component id="oc-14e">
         <name>.debug_info</name>
         <load_address>0xea659</load_address>
         <run_address>0xea659</run_address>
         <size>0x16872</size>
         <input_file_ref idref="fl-16"/>
      </object_component>
      <object_component id="oc-155">
         <name>.debug_info</name>
         <load_address>0x100ecb</load_address>
         <run_address>0x100ecb</run_address>
         <size>0x560</size>
         <input_file_ref idref="fl-17"/>
      </object_component>
      <object_component id="oc-15a">
         <name>.debug_info</name>
         <load_address>0x10142b</load_address>
         <run_address>0x10142b</run_address>
         <size>0x576</size>
         <input_file_ref idref="fl-18"/>
      </object_component>
      <object_component id="oc-160">
         <name>.debug_info</name>
         <load_address>0x1019a1</load_address>
         <run_address>0x1019a1</run_address>
         <size>0x131</size>
         <input_file_ref idref="fl-26"/>
      </object_component>
      <object_component id="oc-167">
         <name>.debug_info</name>
         <load_address>0x101ad2</load_address>
         <run_address>0x101ad2</run_address>
         <size>0x174</size>
         <input_file_ref idref="fl-36"/>
      </object_component>
      <object_component id="oc-16b">
         <name>.debug_info</name>
         <load_address>0x101c46</load_address>
         <run_address>0x101c46</run_address>
         <size>0x562</size>
         <input_file_ref idref="fl-37"/>
      </object_component>
      <object_component id="oc-170">
         <name>.debug_info</name>
         <load_address>0x1021a8</load_address>
         <run_address>0x1021a8</run_address>
         <size>0x43b</size>
         <input_file_ref idref="fl-38"/>
      </object_component>
      <object_component id="oc-175">
         <name>.debug_info</name>
         <load_address>0x1025e3</load_address>
         <run_address>0x1025e3</run_address>
         <size>0x3ae</size>
         <input_file_ref idref="fl-39"/>
      </object_component>
      <object_component id="oc-17a">
         <name>.debug_info</name>
         <load_address>0x102991</load_address>
         <run_address>0x102991</run_address>
         <size>0x3ab</size>
         <input_file_ref idref="fl-3a"/>
      </object_component>
      <object_component id="oc-17f">
         <name>.debug_info</name>
         <load_address>0x102d3c</load_address>
         <run_address>0x102d3c</run_address>
         <size>0x545</size>
         <input_file_ref idref="fl-3b"/>
      </object_component>
      <object_component id="oc-186">
         <name>.debug_info</name>
         <load_address>0x103281</load_address>
         <run_address>0x103281</run_address>
         <size>0x4cd</size>
         <input_file_ref idref="fl-3c"/>
      </object_component>
      <object_component id="oc-18b">
         <name>.debug_info</name>
         <load_address>0x10374e</load_address>
         <run_address>0x10374e</run_address>
         <size>0x468</size>
         <input_file_ref idref="fl-3d"/>
      </object_component>
      <object_component id="oc-23a">
         <name>.debug_info</name>
         <load_address>0x103bb6</load_address>
         <run_address>0x103bb6</run_address>
         <size>0xe7</size>
      </object_component>
      <object_component id="oc-89">
         <name>.debug_frame</name>
         <load_address>0x0</load_address>
         <run_address>0x0</run_address>
         <size>0x60</size>
         <input_file_ref idref="fl-2"/>
      </object_component>
      <object_component id="oc-94">
         <name>.debug_frame</name>
         <load_address>0x60</load_address>
         <run_address>0x60</run_address>
         <size>0x28</size>
         <input_file_ref idref="fl-4"/>
      </object_component>
      <object_component id="oc-9a">
         <name>.debug_frame</name>
         <load_address>0x88</load_address>
         <run_address>0x88</run_address>
         <size>0x11d0</size>
         <input_file_ref idref="fl-5"/>
      </object_component>
      <object_component id="oc-9f">
         <name>.debug_frame</name>
         <load_address>0x1258</load_address>
         <run_address>0x1258</run_address>
         <size>0x28</size>
         <input_file_ref idref="fl-6"/>
      </object_component>
      <object_component id="oc-107">
         <name>.debug_frame</name>
         <load_address>0x1280</load_address>
         <run_address>0x1280</run_address>
         <size>0x1a8</size>
         <input_file_ref idref="fl-8"/>
      </object_component>
      <object_component id="oc-10c">
         <name>.debug_frame</name>
         <load_address>0x1428</load_address>
         <run_address>0x1428</run_address>
         <size>0x58</size>
         <input_file_ref idref="fl-9"/>
      </object_component>
      <object_component id="oc-111">
         <name>.debug_frame</name>
         <load_address>0x1480</load_address>
         <run_address>0x1480</run_address>
         <size>0x44</size>
         <input_file_ref idref="fl-a"/>
      </object_component>
      <object_component id="oc-116">
         <name>.debug_frame</name>
         <load_address>0x14c4</load_address>
         <run_address>0x14c4</run_address>
         <size>0x218</size>
         <input_file_ref idref="fl-b"/>
      </object_component>
      <object_component id="oc-120">
         <name>.debug_frame</name>
         <load_address>0x16dc</load_address>
         <run_address>0x16dc</run_address>
         <size>0xe8</size>
         <input_file_ref idref="fl-d"/>
      </object_component>
      <object_component id="oc-125">
         <name>.debug_frame</name>
         <load_address>0x17c4</load_address>
         <run_address>0x17c4</run_address>
         <size>0x7c</size>
         <input_file_ref idref="fl-e"/>
      </object_component>
      <object_component id="oc-12a">
         <name>.debug_frame</name>
         <load_address>0x1840</load_address>
         <run_address>0x1840</run_address>
         <size>0xac</size>
         <input_file_ref idref="fl-f"/>
      </object_component>
      <object_component id="oc-12f">
         <name>.debug_frame</name>
         <load_address>0x18ec</load_address>
         <run_address>0x18ec</run_address>
         <size>0x58</size>
         <input_file_ref idref="fl-10"/>
      </object_component>
      <object_component id="oc-134">
         <name>.debug_frame</name>
         <load_address>0x1944</load_address>
         <run_address>0x1944</run_address>
         <size>0xa8</size>
         <input_file_ref idref="fl-11"/>
      </object_component>
      <object_component id="oc-139">
         <name>.debug_frame</name>
         <load_address>0x19ec</load_address>
         <run_address>0x19ec</run_address>
         <size>0xb8</size>
         <input_file_ref idref="fl-12"/>
      </object_component>
      <object_component id="oc-13e">
         <name>.debug_frame</name>
         <load_address>0x1aa4</load_address>
         <run_address>0x1aa4</run_address>
         <size>0x98</size>
         <input_file_ref idref="fl-13"/>
      </object_component>
      <object_component id="oc-145">
         <name>.debug_frame</name>
         <load_address>0x1b3c</load_address>
         <run_address>0x1b3c</run_address>
         <size>0x140</size>
         <input_file_ref idref="fl-14"/>
      </object_component>
      <object_component id="oc-14a">
         <name>.debug_frame</name>
         <load_address>0x1c7c</load_address>
         <run_address>0x1c7c</run_address>
         <size>0x9c</size>
         <input_file_ref idref="fl-15"/>
      </object_component>
      <object_component id="oc-151">
         <name>.debug_frame</name>
         <load_address>0x1d18</load_address>
         <run_address>0x1d18</run_address>
         <size>0x124</size>
         <input_file_ref idref="fl-16"/>
      </object_component>
      <object_component id="oc-156">
         <name>.debug_frame</name>
         <load_address>0x1e3c</load_address>
         <run_address>0x1e3c</run_address>
         <size>0x44</size>
         <input_file_ref idref="fl-17"/>
      </object_component>
      <object_component id="oc-15b">
         <name>.debug_frame</name>
         <load_address>0x1e80</load_address>
         <run_address>0x1e80</run_address>
         <size>0x48</size>
         <input_file_ref idref="fl-18"/>
      </object_component>
      <object_component id="oc-16c">
         <name>.debug_frame</name>
         <load_address>0x1ec8</load_address>
         <run_address>0x1ec8</run_address>
         <size>0x60</size>
         <input_file_ref idref="fl-37"/>
      </object_component>
      <object_component id="oc-171">
         <name>.debug_frame</name>
         <load_address>0x1f28</load_address>
         <run_address>0x1f28</run_address>
         <size>0x40</size>
         <input_file_ref idref="fl-38"/>
      </object_component>
      <object_component id="oc-176">
         <name>.debug_frame</name>
         <load_address>0x1f68</load_address>
         <run_address>0x1f68</run_address>
         <size>0x40</size>
         <input_file_ref idref="fl-39"/>
      </object_component>
      <object_component id="oc-17b">
         <name>.debug_frame</name>
         <load_address>0x1fa8</load_address>
         <run_address>0x1fa8</run_address>
         <size>0x40</size>
         <input_file_ref idref="fl-3a"/>
      </object_component>
      <object_component id="oc-182">
         <name>.debug_frame</name>
         <load_address>0x1fe8</load_address>
         <run_address>0x1fe8</run_address>
         <size>0x60</size>
         <input_file_ref idref="fl-3b"/>
      </object_component>
      <object_component id="oc-187">
         <name>.debug_frame</name>
         <load_address>0x2048</load_address>
         <run_address>0x2048</run_address>
         <size>0x70</size>
         <input_file_ref idref="fl-3c"/>
      </object_component>
      <object_component id="oc-18c">
         <name>.debug_frame</name>
         <load_address>0x20b8</load_address>
         <run_address>0x20b8</run_address>
         <size>0x40</size>
         <input_file_ref idref="fl-3d"/>
      </object_component>
      <object_component id="oc-8a">
         <name>.debug_line</name>
         <load_address>0x0</load_address>
         <run_address>0x0</run_address>
         <size>0x154</size>
         <input_file_ref idref="fl-2"/>
      </object_component>
      <object_component id="oc-8e">
         <name>.debug_line</name>
         <load_address>0x154</load_address>
         <run_address>0x154</run_address>
         <size>0x95</size>
         <input_file_ref idref="fl-3"/>
      </object_component>
      <object_component id="oc-95">
         <name>.debug_line</name>
         <load_address>0x1e9</load_address>
         <run_address>0x1e9</run_address>
         <size>0x7f</size>
         <input_file_ref idref="fl-4"/>
      </object_component>
      <object_component id="oc-9b">
         <name>.debug_line</name>
         <load_address>0x268</load_address>
         <run_address>0x268</run_address>
         <size>0xd27</size>
         <input_file_ref idref="fl-5"/>
      </object_component>
      <object_component id="oc-a0">
         <name>.debug_line</name>
         <load_address>0xf8f</load_address>
         <run_address>0xf8f</run_address>
         <size>0x7a</size>
         <input_file_ref idref="fl-6"/>
      </object_component>
      <object_component id="oc-108">
         <name>.debug_line</name>
         <load_address>0x1009</load_address>
         <run_address>0x1009</run_address>
         <size>0x2ac</size>
         <input_file_ref idref="fl-8"/>
      </object_component>
      <object_component id="oc-10d">
         <name>.debug_line</name>
         <load_address>0x12b5</load_address>
         <run_address>0x12b5</run_address>
         <size>0xcf</size>
         <input_file_ref idref="fl-9"/>
      </object_component>
      <object_component id="oc-112">
         <name>.debug_line</name>
         <load_address>0x1384</load_address>
         <run_address>0x1384</run_address>
         <size>0xb1</size>
         <input_file_ref idref="fl-a"/>
      </object_component>
      <object_component id="oc-117">
         <name>.debug_line</name>
         <load_address>0x1435</load_address>
         <run_address>0x1435</run_address>
         <size>0x56a</size>
         <input_file_ref idref="fl-b"/>
      </object_component>
      <object_component id="oc-11b">
         <name>.debug_line</name>
         <load_address>0x199f</load_address>
         <run_address>0x199f</run_address>
         <size>0x92</size>
         <input_file_ref idref="fl-c"/>
      </object_component>
      <object_component id="oc-121">
         <name>.debug_line</name>
         <load_address>0x1a31</load_address>
         <run_address>0x1a31</run_address>
         <size>0x1fd</size>
         <input_file_ref idref="fl-d"/>
      </object_component>
      <object_component id="oc-126">
         <name>.debug_line</name>
         <load_address>0x1c2e</load_address>
         <run_address>0x1c2e</run_address>
         <size>0x8f</size>
         <input_file_ref idref="fl-e"/>
      </object_component>
      <object_component id="oc-12b">
         <name>.debug_line</name>
         <load_address>0x1cbd</load_address>
         <run_address>0x1cbd</run_address>
         <size>0xf0</size>
         <input_file_ref idref="fl-f"/>
      </object_component>
      <object_component id="oc-130">
         <name>.debug_line</name>
         <load_address>0x1dad</load_address>
         <run_address>0x1dad</run_address>
         <size>0xf1</size>
         <input_file_ref idref="fl-10"/>
      </object_component>
      <object_component id="oc-135">
         <name>.debug_line</name>
         <load_address>0x1e9e</load_address>
         <run_address>0x1e9e</run_address>
         <size>0x184</size>
         <input_file_ref idref="fl-11"/>
      </object_component>
      <object_component id="oc-13a">
         <name>.debug_line</name>
         <load_address>0x2022</load_address>
         <run_address>0x2022</run_address>
         <size>0x15b</size>
         <input_file_ref idref="fl-12"/>
      </object_component>
      <object_component id="oc-13f">
         <name>.debug_line</name>
         <load_address>0x217d</load_address>
         <run_address>0x217d</run_address>
         <size>0x127</size>
         <input_file_ref idref="fl-13"/>
      </object_component>
      <object_component id="oc-146">
         <name>.debug_line</name>
         <load_address>0x22a4</load_address>
         <run_address>0x22a4</run_address>
         <size>0x2f6</size>
         <input_file_ref idref="fl-14"/>
      </object_component>
      <object_component id="oc-14b">
         <name>.debug_line</name>
         <load_address>0x259a</load_address>
         <run_address>0x259a</run_address>
         <size>0xcd</size>
         <input_file_ref idref="fl-15"/>
      </object_component>
      <object_component id="oc-152">
         <name>.debug_line</name>
         <load_address>0x2667</load_address>
         <run_address>0x2667</run_address>
         <size>0x3be</size>
         <input_file_ref idref="fl-16"/>
      </object_component>
      <object_component id="oc-157">
         <name>.debug_line</name>
         <load_address>0x2a25</load_address>
         <run_address>0x2a25</run_address>
         <size>0x70</size>
         <input_file_ref idref="fl-17"/>
      </object_component>
      <object_component id="oc-15c">
         <name>.debug_line</name>
         <load_address>0x2a95</load_address>
         <run_address>0x2a95</run_address>
         <size>0xf8</size>
         <input_file_ref idref="fl-18"/>
      </object_component>
      <object_component id="oc-161">
         <name>.debug_line</name>
         <load_address>0x2b8d</load_address>
         <run_address>0x2b8d</run_address>
         <size>0xb8</size>
         <input_file_ref idref="fl-26"/>
      </object_component>
      <object_component id="oc-168">
         <name>.debug_line</name>
         <load_address>0x2c45</load_address>
         <run_address>0x2c45</run_address>
         <size>0x7e</size>
         <input_file_ref idref="fl-36"/>
      </object_component>
      <object_component id="oc-16d">
         <name>.debug_line</name>
         <load_address>0x2cc3</load_address>
         <run_address>0x2cc3</run_address>
         <size>0x50</size>
         <input_file_ref idref="fl-37"/>
      </object_component>
      <object_component id="oc-172">
         <name>.debug_line</name>
         <load_address>0x2d13</load_address>
         <run_address>0x2d13</run_address>
         <size>0x62</size>
         <input_file_ref idref="fl-38"/>
      </object_component>
      <object_component id="oc-177">
         <name>.debug_line</name>
         <load_address>0x2d75</load_address>
         <run_address>0x2d75</run_address>
         <size>0x3e</size>
         <input_file_ref idref="fl-39"/>
      </object_component>
      <object_component id="oc-17c">
         <name>.debug_line</name>
         <load_address>0x2db3</load_address>
         <run_address>0x2db3</run_address>
         <size>0x3a</size>
         <input_file_ref idref="fl-3a"/>
      </object_component>
      <object_component id="oc-183">
         <name>.debug_line</name>
         <load_address>0x2ded</load_address>
         <run_address>0x2ded</run_address>
         <size>0x65</size>
         <input_file_ref idref="fl-3b"/>
      </object_component>
      <object_component id="oc-188">
         <name>.debug_line</name>
         <load_address>0x2e52</load_address>
         <run_address>0x2e52</run_address>
         <size>0x5e</size>
         <input_file_ref idref="fl-3c"/>
      </object_component>
      <object_component id="oc-18d">
         <name>.debug_line</name>
         <load_address>0x2eb0</load_address>
         <run_address>0x2eb0</run_address>
         <size>0x55</size>
         <input_file_ref idref="fl-3d"/>
      </object_component>
      <object_component id="oc-8b">
         <name>.debug_abbrev</name>
         <load_address>0x0</load_address>
         <run_address>0x0</run_address>
         <size>0x13c</size>
         <input_file_ref idref="fl-2"/>
      </object_component>
      <object_component id="oc-90">
         <name>.debug_abbrev</name>
         <load_address>0x13c</load_address>
         <run_address>0x13c</run_address>
         <size>0x21</size>
         <input_file_ref idref="fl-3"/>
      </object_component>
      <object_component id="oc-96">
         <name>.debug_abbrev</name>
         <load_address>0x15d</load_address>
         <run_address>0x15d</run_address>
         <size>0xfd</size>
         <input_file_ref idref="fl-4"/>
      </object_component>
      <object_component id="oc-9c">
         <name>.debug_abbrev</name>
         <load_address>0x25a</load_address>
         <run_address>0x25a</run_address>
         <size>0xb6</size>
         <input_file_ref idref="fl-5"/>
      </object_component>
      <object_component id="oc-a1">
         <name>.debug_abbrev</name>
         <load_address>0x310</load_address>
         <run_address>0x310</run_address>
         <size>0x143</size>
         <input_file_ref idref="fl-6"/>
      </object_component>
      <object_component id="oc-105">
         <name>.debug_abbrev</name>
         <load_address>0x453</load_address>
         <run_address>0x453</run_address>
         <size>0xcb</size>
         <input_file_ref idref="fl-7"/>
      </object_component>
      <object_component id="oc-109">
         <name>.debug_abbrev</name>
         <load_address>0x51e</load_address>
         <run_address>0x51e</run_address>
         <size>0x191</size>
         <input_file_ref idref="fl-8"/>
      </object_component>
      <object_component id="oc-10e">
         <name>.debug_abbrev</name>
         <load_address>0x6af</load_address>
         <run_address>0x6af</run_address>
         <size>0xc8</size>
         <input_file_ref idref="fl-9"/>
      </object_component>
      <object_component id="oc-113">
         <name>.debug_abbrev</name>
         <load_address>0x777</load_address>
         <run_address>0x777</run_address>
         <size>0x116</size>
         <input_file_ref idref="fl-a"/>
      </object_component>
      <object_component id="oc-118">
         <name>.debug_abbrev</name>
         <load_address>0x88d</load_address>
         <run_address>0x88d</run_address>
         <size>0x1b5</size>
         <input_file_ref idref="fl-b"/>
      </object_component>
      <object_component id="oc-11d">
         <name>.debug_abbrev</name>
         <load_address>0xa42</load_address>
         <run_address>0xa42</run_address>
         <size>0x2f</size>
         <input_file_ref idref="fl-c"/>
      </object_component>
      <object_component id="oc-122">
         <name>.debug_abbrev</name>
         <load_address>0xa71</load_address>
         <run_address>0xa71</run_address>
         <size>0x168</size>
         <input_file_ref idref="fl-d"/>
      </object_component>
      <object_component id="oc-127">
         <name>.debug_abbrev</name>
         <load_address>0xbd9</load_address>
         <run_address>0xbd9</run_address>
         <size>0xac</size>
         <input_file_ref idref="fl-e"/>
      </object_component>
      <object_component id="oc-12c">
         <name>.debug_abbrev</name>
         <load_address>0xc85</load_address>
         <run_address>0xc85</run_address>
         <size>0x12f</size>
         <input_file_ref idref="fl-f"/>
      </object_component>
      <object_component id="oc-131">
         <name>.debug_abbrev</name>
         <load_address>0xdb4</load_address>
         <run_address>0xdb4</run_address>
         <size>0x103</size>
         <input_file_ref idref="fl-10"/>
      </object_component>
      <object_component id="oc-136">
         <name>.debug_abbrev</name>
         <load_address>0xeb7</load_address>
         <run_address>0xeb7</run_address>
         <size>0x11c</size>
         <input_file_ref idref="fl-11"/>
      </object_component>
      <object_component id="oc-13b">
         <name>.debug_abbrev</name>
         <load_address>0xfd3</load_address>
         <run_address>0xfd3</run_address>
         <size>0x16a</size>
         <input_file_ref idref="fl-12"/>
      </object_component>
      <object_component id="oc-140">
         <name>.debug_abbrev</name>
         <load_address>0x113d</load_address>
         <run_address>0x113d</run_address>
         <size>0xf6</size>
         <input_file_ref idref="fl-13"/>
      </object_component>
      <object_component id="oc-147">
         <name>.debug_abbrev</name>
         <load_address>0x1233</load_address>
         <run_address>0x1233</run_address>
         <size>0x1fe</size>
         <input_file_ref idref="fl-14"/>
      </object_component>
      <object_component id="oc-14c">
         <name>.debug_abbrev</name>
         <load_address>0x1431</load_address>
         <run_address>0x1431</run_address>
         <size>0xac</size>
         <input_file_ref idref="fl-15"/>
      </object_component>
      <object_component id="oc-153">
         <name>.debug_abbrev</name>
         <load_address>0x14dd</load_address>
         <run_address>0x14dd</run_address>
         <size>0x1e8</size>
         <input_file_ref idref="fl-16"/>
      </object_component>
      <object_component id="oc-158">
         <name>.debug_abbrev</name>
         <load_address>0x16c5</load_address>
         <run_address>0x16c5</run_address>
         <size>0xb3</size>
         <input_file_ref idref="fl-17"/>
      </object_component>
      <object_component id="oc-15d">
         <name>.debug_abbrev</name>
         <load_address>0x1778</load_address>
         <run_address>0x1778</run_address>
         <size>0xac</size>
         <input_file_ref idref="fl-18"/>
      </object_component>
      <object_component id="oc-162">
         <name>.debug_abbrev</name>
         <load_address>0x1824</load_address>
         <run_address>0x1824</run_address>
         <size>0x35</size>
         <input_file_ref idref="fl-26"/>
      </object_component>
      <object_component id="oc-169">
         <name>.debug_abbrev</name>
         <load_address>0x1859</load_address>
         <run_address>0x1859</run_address>
         <size>0x46</size>
         <input_file_ref idref="fl-36"/>
      </object_component>
      <object_component id="oc-16e">
         <name>.debug_abbrev</name>
         <load_address>0x189f</load_address>
         <run_address>0x189f</run_address>
         <size>0xe3</size>
         <input_file_ref idref="fl-37"/>
      </object_component>
      <object_component id="oc-173">
         <name>.debug_abbrev</name>
         <load_address>0x1982</load_address>
         <run_address>0x1982</run_address>
         <size>0xa8</size>
         <input_file_ref idref="fl-38"/>
      </object_component>
      <object_component id="oc-178">
         <name>.debug_abbrev</name>
         <load_address>0x1a2a</load_address>
         <run_address>0x1a2a</run_address>
         <size>0x68</size>
         <input_file_ref idref="fl-39"/>
      </object_component>
      <object_component id="oc-17d">
         <name>.debug_abbrev</name>
         <load_address>0x1a92</load_address>
         <run_address>0x1a92</run_address>
         <size>0x66</size>
         <input_file_ref idref="fl-3a"/>
      </object_component>
      <object_component id="oc-184">
         <name>.debug_abbrev</name>
         <load_address>0x1af8</load_address>
         <run_address>0x1af8</run_address>
         <size>0x130</size>
         <input_file_ref idref="fl-3b"/>
      </object_component>
      <object_component id="oc-189">
         <name>.debug_abbrev</name>
         <load_address>0x1c28</load_address>
         <run_address>0x1c28</run_address>
         <size>0xb2</size>
         <input_file_ref idref="fl-3c"/>
      </object_component>
      <object_component id="oc-18e">
         <name>.debug_abbrev</name>
         <load_address>0x1cda</load_address>
         <run_address>0x1cda</run_address>
         <size>0xee</size>
         <input_file_ref idref="fl-3d"/>
      </object_component>
      <object_component id="oc-23b">
         <name>.debug_abbrev</name>
         <load_address>0x1dc8</load_address>
         <run_address>0x1dc8</run_address>
         <size>0xf</size>
      </object_component>
      <object_component id="oc-8c">
         <name>.debug_aranges</name>
         <load_address>0x0</load_address>
         <run_address>0x0</run_address>
         <size>0x28</size>
         <input_file_ref idref="fl-2"/>
      </object_component>
      <object_component id="oc-91">
         <name>.debug_aranges</name>
         <load_address>0x28</load_address>
         <run_address>0x28</run_address>
         <size>0x20</size>
         <input_file_ref idref="fl-3"/>
      </object_component>
      <object_component id="oc-97">
         <name>.debug_aranges</name>
         <load_address>0x48</load_address>
         <run_address>0x48</run_address>
         <size>0x18</size>
         <input_file_ref idref="fl-4"/>
      </object_component>
      <object_component id="oc-9d">
         <name>.debug_aranges</name>
         <load_address>0x60</load_address>
         <run_address>0x60</run_address>
         <size>0x480</size>
         <input_file_ref idref="fl-5"/>
      </object_component>
      <object_component id="oc-a2">
         <name>.debug_aranges</name>
         <load_address>0x4e0</load_address>
         <run_address>0x4e0</run_address>
         <size>0x18</size>
         <input_file_ref idref="fl-6"/>
      </object_component>
      <object_component id="oc-10a">
         <name>.debug_aranges</name>
         <load_address>0x4f8</load_address>
         <run_address>0x4f8</run_address>
         <size>0x88</size>
         <input_file_ref idref="fl-8"/>
      </object_component>
      <object_component id="oc-10f">
         <name>.debug_aranges</name>
         <load_address>0x580</load_address>
         <run_address>0x580</run_address>
         <size>0x28</size>
         <input_file_ref idref="fl-9"/>
      </object_component>
      <object_component id="oc-114">
         <name>.debug_aranges</name>
         <load_address>0x5a8</load_address>
         <run_address>0x5a8</run_address>
         <size>0x20</size>
         <input_file_ref idref="fl-a"/>
      </object_component>
      <object_component id="oc-119">
         <name>.debug_aranges</name>
         <load_address>0x5c8</load_address>
         <run_address>0x5c8</run_address>
         <size>0xb8</size>
         <input_file_ref idref="fl-b"/>
      </object_component>
      <object_component id="oc-11e">
         <name>.debug_aranges</name>
         <load_address>0x680</load_address>
         <run_address>0x680</run_address>
         <size>0x20</size>
         <input_file_ref idref="fl-c"/>
      </object_component>
      <object_component id="oc-123">
         <name>.debug_aranges</name>
         <load_address>0x6a0</load_address>
         <run_address>0x6a0</run_address>
         <size>0x50</size>
         <input_file_ref idref="fl-d"/>
      </object_component>
      <object_component id="oc-128">
         <name>.debug_aranges</name>
         <load_address>0x6f0</load_address>
         <run_address>0x6f0</run_address>
         <size>0x30</size>
         <input_file_ref idref="fl-e"/>
      </object_component>
      <object_component id="oc-12d">
         <name>.debug_aranges</name>
         <load_address>0x720</load_address>
         <run_address>0x720</run_address>
         <size>0x40</size>
         <input_file_ref idref="fl-f"/>
      </object_component>
      <object_component id="oc-132">
         <name>.debug_aranges</name>
         <load_address>0x760</load_address>
         <run_address>0x760</run_address>
         <size>0x28</size>
         <input_file_ref idref="fl-10"/>
      </object_component>
      <object_component id="oc-137">
         <name>.debug_aranges</name>
         <load_address>0x788</load_address>
         <run_address>0x788</run_address>
         <size>0x38</size>
         <input_file_ref idref="fl-11"/>
      </object_component>
      <object_component id="oc-13c">
         <name>.debug_aranges</name>
         <load_address>0x7c0</load_address>
         <run_address>0x7c0</run_address>
         <size>0x40</size>
         <input_file_ref idref="fl-12"/>
      </object_component>
      <object_component id="oc-141">
         <name>.debug_aranges</name>
         <load_address>0x800</load_address>
         <run_address>0x800</run_address>
         <size>0x38</size>
         <input_file_ref idref="fl-13"/>
      </object_component>
      <object_component id="oc-148">
         <name>.debug_aranges</name>
         <load_address>0x838</load_address>
         <run_address>0x838</run_address>
         <size>0x68</size>
         <input_file_ref idref="fl-14"/>
      </object_component>
      <object_component id="oc-14d">
         <name>.debug_aranges</name>
         <load_address>0x8a0</load_address>
         <run_address>0x8a0</run_address>
         <size>0x38</size>
         <input_file_ref idref="fl-15"/>
      </object_component>
      <object_component id="oc-154">
         <name>.debug_aranges</name>
         <load_address>0x8d8</load_address>
         <run_address>0x8d8</run_address>
         <size>0x40</size>
         <input_file_ref idref="fl-16"/>
      </object_component>
[...]
         <value>0x171ad</value>
         <object_component_ref idref="oc-1a5"/>
      </symbol>
      <symbol id="sm-3f5">
         <name>_PieVectTableInit</name>
         <value>0xa800</value>
         <object_component_ref idref="oc-1ac"/>
      </symbol>
      <symbol id="sm-3f6">
         <name>_InitPieVectTable</name>
         <value>0x171b6</value>
         <object_component_ref idref="oc-1a9"/>
      </symbol>
      <symbol id="sm-439">
         <name>_InitSysPll</name>
         <value>0x15572</value>
         <object_component_ref idref="oc-1a8"/>
      </symbol>
      <symbol id="sm-43a">
         <name>_SeizeFlashPump</name>
         <value>0x1553d</value>
         <object_component_ref idref="oc-1a8"/>
      </symbol>
      <symbol id="sm-43b">
         <name>_DisablePeripheralClocks</name>
         <value>0x15525</value>
         <object_component_ref idref="oc-1a8"/>
      </symbol>
      <symbol id="sm-43c">
         <name>_DisableDog</name>
         <value>0x15564</value>
         <object_component_ref idref="oc-1a8"/>
      </symbol>
      <symbol id="sm-43d">
         <name>_SysIntOsc2Sel</name>
         <value>0x1587c</value>
         <object_component_ref idref="oc-1a8"/>
      </symbol>
      <symbol id="sm-43e">
         <name>_ReleaseFlashPump</name>
         <value>0x1554c</value>
         <object_component_ref idref="oc-1a8"/>
      </symbol>
      <symbol id="sm-43f">
         <name>_HALT</name>
         <value>0x158c8</value>
         <object_component_ref idref="oc-1a8"/>
      </symbol>
      <symbol id="sm-440">
         <name>_IDLE</name>
         <value>0x158b4</value>
         <object_component_ref idref="oc-1a8"/>
      </symbol>
      <symbol id="sm-441">
         <name>_InitPeripheralClocks</name>
         <value>0x154a1</value>
         <object_component_ref idref="oc-1a8"/>
      </symbol>
      <symbol id="sm-442">
         <name>_SysXtalOscSel</name>
         <value>0x15888</value>
         <object_component_ref idref="oc-1a8"/>
      </symbol>
      <symbol id="sm-443">
         <name>_CsmUnlock</name>
         <value>0x1584f</value>
         <object_component_ref idref="oc-1a8"/>
      </symbol>
      <symbol id="sm-444">
         <name>_SysIntOsc1Sel</name>
         <value>0x15870</value>
         <object_component_ref idref="oc-1a8"/>
      </symbol>
      <symbol id="sm-445">
         <name>_ServiceDog</name>
         <value>0x15556</value>
         <object_component_ref idref="oc-1a8"/>
      </symbol>
      <symbol id="sm-446">
         <name>_HIB</name>
         <value>0x158e1</value>
         <object_component_ref idref="oc-1a8"/>
      </symbol>
      <symbol id="sm-447">
         <name>_AuxAuxClkSel</name>
         <value>0x158aa</value>
         <object_component_ref idref="oc-1a8"/>
      </symbol>
      <symbol id="sm-448">
         <name>_AuxIntOsc2Sel</name>
         <value>0x15894</value>
         <object_component_ref idref="oc-1a8"/>
      </symbol>
      <symbol id="sm-449">
         <name>_InitAuxPll</name>
         <value>0x15760</value>
         <object_component_ref idref="oc-1a8"/>
      </symbol>
      <symbol id="sm-44a">
         <name>_InitSysCtrl</name>
         <value>0x15470</value>
         <object_component_ref idref="oc-1a8"/>
      </symbol>
      <symbol id="sm-44b">
         <name>_STANDBY</name>
         <value>0x158bd</value>
         <object_component_ref idref="oc-1a8"/>
      </symbol>
      <symbol id="sm-44c">
         <name>_AuxXtalOscSel</name>
         <value>0x1589e</value>
         <object_component_ref idref="oc-1a8"/>
      </symbol>
      <symbol id="sm-458">
         <name>_F28x_usDelay</name>
         <value>0x122</value>
         <object_component_ref idref="oc-11a"/>
      </symbol>
      <symbol id="sm-469">
         <name>_ADCA1_Interrupt_Set</name>
         <value>0x159d5</value>
         <object_component_ref idref="oc-198"/>
      </symbol>
      <symbol id="sm-46a">
         <name>_ADC_Result_Read</name>
         <value>0x15b37</value>
         <object_component_ref idref="oc-198"/>
      </symbol>
      <symbol id="sm-46b">
         <name>_ADC_Setup1</name>
         <value>0x158fe</value>
         <object_component_ref idref="oc-198"/>
      </symbol>
      <symbol id="sm-46c">
         <name>_ADC_Setup2</name>
         <value>0x159e6</value>
         <object_component_ref idref="oc-198"/>
      </symbol>
      <symbol id="sm-46d">
         <name>_ADC_Zero_Offset</name>
         <value>0x15a67</value>
         <object_component_ref idref="oc-198"/>
      </symbol>
      <symbol id="sm-46e">
         <name>_ADC_Result_Handle</name>
         <value>0x15b85</value>
         <object_component_ref idref="oc-198"/>
      </symbol>
      <symbol id="sm-46f">
         <name>_ADCC1_Interrupt_Set</name>
         <value>0x15a56</value>
         <object_component_ref idref="oc-198"/>
      </symbol>
      <symbol id="sm-47b">
         <name>_CLARKE_TRANS</name>
         <value>0x16fc5</value>
         <object_component_ref idref="oc-199"/>
      </symbol>
      <symbol id="sm-47c">
         <name>_PARK_TRANS</name>
         <value>0x16fe1</value>
         <object_component_ref idref="oc-199"/>
      </symbol>
      <symbol id="sm-47d">
         <name>_IPARK_TRANS</name>
         <value>0x17016</value>
         <object_component_ref idref="oc-199"/>
      </symbol>
      <symbol id="sm-489">
         <name>_DAC_VAR_WATCH</name>
         <value>0x16cb6</value>
         <object_component_ref idref="oc-19f"/>
      </symbol>
      <symbol id="sm-48a">
         <name>_CMPSS_Setup</name>
         <value>0x16d9a</value>
         <object_component_ref idref="oc-19f"/>
      </symbol>
      <symbol id="sm-48b">
         <name>_CMPSS_PHASE_CUR_PRO</name>
         <value>0x16dd0</value>
         <object_component_ref idref="oc-19f"/>
      </symbol>
      <symbol id="sm-48c">
         <name>_DAC_VOL_OUT</name>
         <value>0x16d23</value>
         <object_component_ref idref="oc-19f"/>
      </symbol>
      <symbol id="sm-48d">
         <name>_DAC_Setup</name>
         <value>0x16c95</value>
         <object_component_ref idref="oc-19f"/>
      </symbol>
      <symbol id="sm-499">
         <name>_System_Init</name>
         <value>0x16b1e</value>
         <object_component_ref idref="oc-1a4"/>
      </symbol>
      <symbol id="sm-49a">
         <name>_GPIO_Init</name>
         <value>0x16b2b</value>
         <object_component_ref idref="oc-1a4"/>
      </symbol>
      <symbol id="sm-4a8">
         <name>_Improved_DCV_Controller</name>
         <value>0x15de3</value>
         <object_component_ref idref="oc-19c"/>
      </symbol>
      <symbol id="sm-4a9">
         <name>_DiscreteTime_CV_Controller</name>
         <value>0x15cc3</value>
         <object_component_ref idref="oc-19c"/>
      </symbol>
      <symbol id="sm-4b5">
         <name>_EPWMDAC_VAR_WATCH</name>
         <value>0x16741</value>
         <object_component_ref idref="oc-19e"/>
      </symbol>
      <symbol id="sm-4b6">
         <name>_EPWM_Setup1</name>
         <value>0x1654f</value>
         <object_component_ref idref="oc-19e"/>
      </symbol>
      <symbol id="sm-4b7">
         <name>_EPWM1_Interrupt_Set</name>
         <value>0x166ce</value>
         <object_component_ref idref="oc-19e"/>
      </symbol>
      <symbol id="sm-4b8">
         <name>_EPWM_Duty_Calculate</name>
         <value>0x16673</value>
         <object_component_ref idref="oc-19e"/>
      </symbol>
      <symbol id="sm-4b9">
         <name>_EPWMDAC_Setup</name>
         <value>0x166ed</value>
         <object_component_ref idref="oc-19e"/>
      </symbol>
      <symbol id="sm-4d8">
         <name>_EQEP_Angle_Cal</name>
         <value>0x167cd</value>
         <object_component_ref idref="oc-197"/>
      </symbol>
      <symbol id="sm-4d9">
         <name>_Hall_Angle_Cal</name>
         <value>0x16920</value>
         <object_component_ref idref="oc-197"/>
      </symbol>
      <symbol id="sm-4da">
         <name>_EQEP_Setup1</name>
         <value>0x16792</value>
         <object_component_ref idref="oc-197"/>
      </symbol>
      <symbol id="sm-4db">
         <name>_EQEP_Speed_Cal</name>
         <value>0x16832</value>
         <object_component_ref idref="oc-197"/>
      </symbol>
      <symbol id="sm-50b">
         <name>_qep1</name>
         <value>0x12240</value>
         <object_component_ref idref="oc-144"/>
      </symbol>
      <symbol id="sm-50c">
         <name>_pid_iq</name>
         <value>0x121c0</value>
         <object_component_ref idref="oc-144"/>
      </symbol>
      <symbol id="sm-50d">
         <name>_pid_id</name>
         <value>0x12180</value>
         <object_component_ref idref="oc-144"/>
      </symbol>
      <symbol id="sm-50e">
         <name>_Data_Record</name>
         <value>0x12380</value>
         <object_component_ref idref="oc-144"/>
      </symbol>
      <symbol id="sm-50f">
         <name>_svpwm1</name>
         <value>0x12040</value>
         <object_component_ref idref="oc-144"/>
      </symbol>
      <symbol id="sm-510">
         <name>_Laq_IQ</name>
         <value>0x1200e</value>
         <object_component_ref idref="oc-144"/>
      </symbol>
      <symbol id="sm-511">
         <name>_Ra_IQ</name>
         <value>0x12010</value>
         <object_component_ref idref="oc-144"/>
      </symbol>
      <symbol id="sm-512">
         <name>_Voltage_OutMax_Update</name>
         <value>0x142f1</value>
         <object_component_ref idref="oc-196"/>
      </symbol>
      <symbol id="sm-513">
         <name>_dcv_iq</name>
         <value>0x120ea</value>
         <object_component_ref idref="oc-144"/>
      </symbol>
      <symbol id="sm-514">
         <name>_dcv_id</name>
         <value>0x120d4</value>
         <object_component_ref idref="oc-144"/>
      </symbol>
      <symbol id="sm-515">
         <name>_clarke1</name>
         <value>0x12026</value>
         <object_component_ref idref="oc-144"/>
      </symbol>
      <symbol id="sm-516">
         <name>_ramp1</name>
         <value>0x12068</value>
         <object_component_ref idref="oc-144"/>
      </symbol>
      <symbol id="sm-517">
         <name>_ramp2</name>
         <value>0x12080</value>
         <object_component_ref idref="oc-144"/>
      </symbol>
      <symbol id="sm-518">
         <name>_ramp3</name>
         <value>0x12092</value>
         <object_component_ref idref="oc-144"/>
      </symbol>
      <symbol id="sm-519">
         <name>_ramp4</name>
         <value>0x120a4</value>
         <object_component_ref idref="oc-144"/>
      </symbol>
      <symbol id="sm-51a">
         <name>_Inertia_IQ</name>
         <value>0x1200a</value>
         <object_component_ref idref="oc-144"/>
      </symbol>
      <symbol id="sm-51b">
         <name>_Lq_IQ</name>
         <value>0x12004</value>
         <object_component_ref idref="oc-144"/>
      </symbol>
      <symbol id="sm-51c">
         <name>_Flux_Mag_IQ</name>
         <value>0x12008</value>
         <object_component_ref idref="oc-144"/>
      </symbol>
      <symbol id="sm-51d">
         <name>_pid_spd</name>
         <value>0x12200</value>
         <object_component_ref idref="oc-144"/>
      </symbol>
      <symbol id="sm-51e">
         <name>_pwm1</name>
         <value>0x120c0</value>
         <object_component_ref idref="oc-144"/>
      </symbol>
      <symbol id="sm-51f">
         <name>_Lad_IQ</name>
         <value>0x1200c</value>
         <object_component_ref idref="oc-144"/>
      </symbol>
      <symbol id="sm-520">
         <name>_Voltage_Feedforward_Decouple</name>
         <value>0x14645</value>
         <object_component_ref idref="oc-196"/>
      </symbol>
      <symbol id="sm-521">
         <name>_adc1</name>
         <value>0x12280</value>
         <object_component_ref idref="oc-144"/>
      </symbol>
      <symbol id="sm-522">
         <name>_pwmdac1</name>
         <value>0x1201c</value>
         <object_component_ref idref="oc-144"/>
      </symbol>
      <symbol id="sm-523">
         <name>_User_Terminal</name>
         <value>0x12140</value>
         <object_component_ref idref="oc-144"/>
      </symbol>
      <symbol id="sm-524">
         <name>_Global_Variables_Clear</name>
         <value>0x1410b</value>
         <object_component_ref idref="oc-196"/>
      </symbol>
      <symbol id="sm-525">
         <name>_Ld_IQ</name>
         <value>0x12002</value>
         <object_component_ref idref="oc-144"/>
      </symbol>
      <symbol id="sm-526">
         <name>_Current_Predictive</name>
         <value>0x14366</value>
         <object_component_ref idref="oc-196"/>
      </symbol>
      <symbol id="sm-527">
         <name>_Virtual_Impedance_CV_Decouple</name>
         <value>0x146cd</value>
         <object_component_ref idref="oc-196"/>
      </symbol>
      <symbol id="sm-528">
         <name>_ipark1</name>
         <value>0x1205a</value>
         <object_component_ref idref="oc-144"/>
      </symbol>
      <symbol id="sm-529">
         <name>_dac1</name>
         <value>0x12012</value>
         <object_component_ref idref="oc-144"/>
      </symbol>
      <symbol id="sm-52a">
         <name>_FLAG1</name>
         <value>0x12000</value>
         <object_component_ref idref="oc-144"/>
      </symbol>
      <symbol id="sm-52b">
         <name>_Global_Variables_Init</name>
         <value>0x14016</value>
         <object_component_ref idref="oc-196"/>
      </symbol>
      <symbol id="sm-52c">
         <name>_park1</name>
         <value>0x1204c</value>
         <object_component_ref idref="oc-144"/>
      </symbol>
      <symbol id="sm-52d">
         <name>_cmpss1</name>
         <value>0x12030</value>
         <object_component_ref idref="oc-144"/>
      </symbol>
      <symbol id="sm-52e">
         <name>_Controller_Params_Preset</name>
         <value>0x141f8</value>
         <object_component_ref idref="oc-196"/>
      </symbol>
      <symbol id="sm-52f">
         <name>_Rs_IQ</name>
         <value>0x12006</value>
         <object_component_ref idref="oc-144"/>
      </symbol>
      <symbol id="sm-530">
         <name>_Complex_Vector_Decouple</name>
         <value>0x14672</value>
         <object_component_ref idref="oc-196"/>
      </symbol>
      <symbol id="sm-531">
         <name>_dcv_r_id</name>
         <value>0x12100</value>
         <object_component_ref idref="oc-144"/>
      </symbol>
      <symbol id="sm-532">
         <name>_dcv_r_iq</name>
         <value>0x12116</value>
         <object_component_ref idref="oc-144"/>
      </symbol>
      <symbol id="sm-533">
         <name>_Process_Data</name>
         <value>0x12300</value>
         <object_component_ref idref="oc-144"/>
      </symbol>
      <symbol id="sm-542">
         <name>_PID_POSITIONAL2</name>
         <value>0x160cb</value>
         <object_component_ref idref="oc-19b"/>
      </symbol>
      <symbol id="sm-543">
         <name>_PID_INCREMENTAL</name>
         <value>0x16180</value>
         <object_component_ref idref="oc-19b"/>
      </symbol>
      <symbol id="sm-544">
         <name>_PID_INTEGRAL_SEPARATED</name>
         <value>0x16209</value>
         <object_component_ref idref="oc-19b"/>
      </symbol>
      <symbol id="sm-545">
         <name>_PID_POSITIONAL</name>
         <value>0x16016</value>
         <object_component_ref idref="oc-19b"/>
      </symbol>
      <symbol id="sm-58b">
         <name>_main</name>
         <value>0x16f12</value>
         <object_component_ref idref="oc-19a"/>
      </symbol>
      <symbol id="sm-58c">
         <name>_Motor_Control_ISR1</name>
         <value>0x1478f</value>
         <object_component_ref idref="oc-150"/>
      </symbol>
      <symbol id="sm-58d">
         <name>_i</name>
         <value>0x1333c</value>
         <object_component_ref idref="oc-14f"/>
      </symbol>
      <symbol id="sm-59c">
         <name>_RAMP_FUNC</name>
         <value>0x1704e</value>
         <object_component_ref idref="oc-195"/>
      </symbol>
      <symbol id="sm-5b9">
         <name>_SVPWM_GEN</name>
         <value>0x16984</value>
         <object_component_ref idref="oc-19d"/>
      </symbol>
      <symbol id="sm-5c5">
         <name>_exp</name>
         <value>0x170af</value>
         <object_component_ref idref="oc-15f"/>
      </symbol>
      <symbol id="sm-5c6">
         <name>_expf</name>
         <value>0x170af</value>
         <object_component_ref idref="oc-15f"/>
      </symbol>
      <symbol id="sm-5ca">
         <name>_FPU32expTableCoeffEnd</name>
         <value>0x8320</value>
         <object_component_ref idref="oc-164"/>
      </symbol>
      <symbol id="sm-5cb">
         <name>_FPU32expTableEnd</name>
         <value>0x83d2</value>
         <object_component_ref idref="oc-164"/>
      </symbol>
      <symbol id="sm-5cc">
         <name>_FPU32expTableCoeff</name>
         <value>0x8314</value>
         <object_component_ref idref="oc-164"/>
      </symbol>
      <symbol id="sm-5cd">
         <name>_FPU32expTable</name>
         <value>0x8320</value>
         <object_component_ref idref="oc-164"/>
      </symbol>
      <symbol id="sm-5e8">
         <name>_c_int00</name>
         <value>0x1710f</value>
         <object_component_ref idref="oc-87"/>
      </symbol>
      <symbol id="sm-5e9">
         <name>__stack</name>
         <value>0x400</value>
         <object_component_ref idref="oc-165"/>
      </symbol>
      <symbol id="sm-5f8">
         <name>_copy_in</name>
         <value>0x171dc</value>
         <object_component_ref idref="oc-191"/>
      </symbol>
      <symbol id="sm-609">
         <name>_memcpy</name>
         <value>0x17200</value>
         <object_component_ref idref="oc-1a0"/>
      </symbol>
      <symbol id="sm-615">
         <name>__system_pre_init</name>
         <value>0x1723f</value>
         <object_component_ref idref="oc-190"/>
      </symbol>
      <symbol id="sm-622">
         <name>__system_post_cinit</name>
         <value>0x17241</value>
         <object_component_ref idref="oc-192"/>
      </symbol>
      <symbol id="sm-636">
         <name>C$$EXIT</name>
         <value>0x17165</value>
         <object_component_ref idref="oc-194"/>
      </symbol>
      <symbol id="sm-637">
         <name>_exit</name>
         <value>0x17167</value>
         <object_component_ref idref="oc-194"/>
      </symbol>
      <symbol id="sm-638">
         <name>___TI_cleanup_ptr</name>
         <value>0x13338</value>
         <object_component_ref idref="oc-181"/>
      </symbol>
      <symbol id="sm-639">
         <name>___TI_enable_exit_profile_output</name>
         <value>0x13336</value>
         <object_component_ref idref="oc-181"/>
      </symbol>
      <symbol id="sm-63a">
         <name>_abort</name>
         <value>0x17165</value>
         <object_component_ref idref="oc-194"/>
      </symbol>
      <symbol id="sm-63b">
         <name>___TI_dtors_ptr</name>
         <value>0x1333a</value>
         <object_component_ref idref="oc-181"/>
      </symbol>
      <symbol id="sm-64f">
         <name>__unlock</name>
         <value>0x13358</value>
         <object_component_ref idref="oc-1aa"/>
      </symbol>
      <symbol id="sm-650">
         <name>__lock</name>
         <value>0x1333e</value>
         <object_component_ref idref="oc-1a1"/>
      </symbol>
      <symbol id="sm-651">
         <name>__register_lock</name>
         <value>0x1723a</value>
         <object_component_ref idref="oc-1a6"/>
      </symbol>
      <symbol id="sm-652">
         <name>__nop</name>
         <value>0x1723e</value>
         <object_component_ref idref="oc-1a6"/>
      </symbol>
      <symbol id="sm-653">
         <name>__register_unlock</name>
         <value>0x17236</value>
         <object_component_ref idref="oc-1a6"/>
      </symbol>
      <symbol id="sm-662">
         <name>__args_main</name>
         <value>0x1721d</value>
         <object_component_ref idref="oc-193"/>
      </symbol>
   </symbol_table>
   <title>Link successful</title>
</link_info>
